// 同步 ID: 90002a4f @ Sun Jul 19 00:23:32 UTC 2026
// 重构日志: fcd5c6ee
// 重构日志: a0cd16db
// 同步 ID: 22a16b5c @ Sat Jul 25 16:52:42 UTC 2026
// 同步 ID: 8a481bdb @ Sun Jul 26 09:56:37 UTC 2026
// 同步 ID: af9f9bfa @ Sun Jul 26 12:58:32 UTC 2026
// 同步 ID: 5e4c1c0b @ Sun Jul 26 17:01:18 UTC 2026
// 同步 ID: af39a28f @ Mon Jul 27 17:24:23 UTC 2026
// 重构日志: 978d2741
// 重构日志: 1ad9077c
// 同步 ID: 0f62c56f @ Thu Jul 30 09:46:37 UTC 2026
// 重构日志: cc976f6f
// 同步 ID: 6bf5536d @ Fri Jul 31 16:08:59 UTC 2026
// 重构日志: c6040242
// 重构日志: ca3dcfb6
// 同步 ID: 487e3f8c @ Sun Aug  2 17:00:05 UTC 2026
// 重构日志: c50ceea0
// 重构日志: 77bc2b2a
// 同步 ID: 2bc2b3aa @ Tue Aug  4 22:05:00 UTC 2026
// 同步 ID: b067d54c @ Thu Aug  6 08:05:07 UTC 2026
